Zakres: 311–6500; katalog: C:\Users\eRTe\projects\BasiaSzuka\input_html\RuchMuzyczny

[311] Czysta HARMONIA

[312] „Skrzypce wieszaliśmy na płocie”, czyli zdalnie UZDOLNIENI w e-szkołach muzycznych czasu pandemii. RAPORT

[313] E-dukacja MUZYCZNA

[314] GEJ gejowi wilkiem? Krzysztof Warlikowski nie oszczędza publiczności

[315] Muzyka, odgłosy i cisza

[316] Muzeum słyszę OGROMNE

[317] Light PADY i liry korbowe

[318] Z czego Przemyśl SŁYNIE

[319] Muzyczne dziedzictwo KROMERA

[320] Tradycja w WIELU wymiarach

[321] JEDYNE w Polsce

[322] JP Pichon na WAKACJACH

[323] W DOMU Feliksa Nowowiejskiego

[324] Marsz, marsz Wybicki

[325] Dwór LUTOSŁAWSKICH

[326] Duch MUZYKI i międzywojnia

[327] Jak UTRWALANO dźwięk?

[328] Spełnione MARZENIE Paderewskiego

[329] Magia REGIONU Kozła

[330] Ida Haendel – kobieta ze skrzypcami

[331] ODSZEDŁ Bernard Ładysz

[332] Leon FLEISHER (1928–2020)

[333] Potencjał i REDAKCJA

[334] Płyta czasów przemiany

[335] Muzyka rozkwitających JAŚMINÓW

[336] Klara Min, schumannowskie OBJAWIENIE

[337] Kobiety, o których MARZY kobieta

[338] Spotkania na OBRZEŻACH dźwięków

[339] Musy i fusy

[340] Od Plaży Zachodniej po Pawlacz Perski

[341] Nowości płytowe #13/2020
Sprawdzono 342/6500; zapisano 320
[343] Historie z fotografii: Arturo, ARTUR i Lenny

[344] SNADNIE sonatę ci ZAGRAM

[345] Organowa nowa FALA

[346] Panna, MADONNA, legenda tych lat

[347] Tańcząca KREW i prysznice w Salzburgu

[348] Musica Warmiensis

[349] Kwestia KONTEKSTU

[350] Małe RADOŚCI

[351] SKROMNIE i interesująco

[352] #17 Festiwal przy akompaniamencie cykad

[353] Wiadome PRZYCZYNY, różne rezultaty

[354] Konflikt ESTETYCZNY

[355] Urwane OSTINATO

[356] BACH: filary Ziemi, fundamenty MUZYKI

[357] Koncerty na TRZYDZIESTOLECIE

[358] Colli znów NAJLEPSZY

[359] MIŁOŚĆ niejedno ma brzmienie

[360] Historie z fotografii: Niedoszły DYREKTOR

[361] Historie z fotografii: Kto uczył ROWICKIEGO

[362] Historie z fotografii: BARON z batutą

[363] Historie z fotografii: MIŁE wrażenia z WARSZAWY

[364] Historie z fotografii: Granie na TITANICU

[365] Historie z fotografii: KRAKOWSKIE  pożegnanie

[366] Historie z fotografii: NAUCZYCIEL dyrygentów

[367] Historie z fotografii: KOŃCZENIE „Niedokończonej”
